=== AoM:EE PBRify V4 full compile V2 ===
Started: 2026-09-24T17:58:27.4541177-04:00
Expected compile count: 7486
Excluded: textures\icons\special c black tortoise icon.tga

[textures\animal dog a map.tga]
Running Texture Compiler...
        UNHANDLED token encountered '﻿alpha'
        UNHANDLED token encountered '1'
Processed: 1
1 texture(s) processed!

[textures\animal dog b map.tga]
Running Texture Compiler...
        UNHANDLED token encountered '﻿alpha'
        UNHANDLED token encountered '1'
Processed: 1
1 texture(s) processed!

[textures\animal elephant indian.tga]
Running Texture Compiler...
        UNHANDLED token encountered '﻿alpha'
        UNHANDLED token encountered '0'
Processed: 1
1 texture(s) processed!

[textures\animal parrot map.tga]
Running Texture Compiler...
        UNHANDLED token encountered '﻿alpha'
        UNHANDLED token encountered '1'
Processed: 1
1 texture(s) processed!

[textures\archer c crossbow.tga]
Running Texture Compiler...
        UNHANDLED token encountered '﻿alpha'
        UNHANDLED token encountered '1'
Processed: 1
1 texture(s) processed!

[textures\icons\boat c fire ship chinese icon.tga]
Running Texture Compiler...
        UNHANDLED token encountered '﻿alpha'
        UNHANDLED token encountered '0'
Processed: 1
1 texture(s) processed!

[textures\icons\boat c fishing boat icon.tga]
Running Texture Compiler...
        UNHANDLED token encountered '﻿alpha'
        UNHANDLED token encountered '0'
Processed: 1
1 texture(s) processed!

[textures\icons\boat c junk icon.tga]
Running Texture Compiler...
        UNHANDLED token encountered '﻿alpha'
        UNHANDLED token encountered '0'
Processed: 1
1 texture(s) processed!

[textures\icons\boat c siege ship chinese icon.tga]
Running Texture Compiler...
        UNHANDLED token encountered '﻿alpha'
        UNHANDLED token encountered '0'
Processed: 1
1 texture(s) processed!

[textures\icons\boat c transport icon.tga]
Running Texture Compiler...
        UNHANDLED token encountered '﻿alpha'
        UNHANDLED token encountered '0'
Processed: 1
1 texture(s) processed!

[textures\icons\god power barrage icon.tga]
Running Texture Compiler...
        UNHANDLED token encountered '﻿alpha'
        UNHANDLED token encountered '0'
Processed: 1
1 texture(s) processed!

[textures\icons\god power earth dragon icon.tga]
Running Texture Compiler...
        UNHANDLED token encountered '﻿alpha'
        UNHANDLED token encountered '0'
Processed: 1
1 texture(s) processed!

[textures\icons\god power flood icon.tga]
Running Texture Compiler...
        UNHANDLED token encountered '﻿alpha'
        UNHANDLED token encountered '0'
Processed: 1
1 texture(s) processed!

[textures\icons\god power geyser icon.tga]
Running Texture Compiler...
        UNHANDLED token encountered '﻿alpha'
        UNHANDLED token encountered '0'
Processed: 1
1 texture(s) processed!

[textures\icons\god power journey icon.tga]
Running Texture Compiler...
        UNHANDLED token encountered '﻿alpha'
        UNHANDLED token encountered '0'
Processed: 1
1 texture(s) processed!

[textures\icons\god power recreation icon.tga]
Running Texture Compiler...
        UNHANDLED token encountered '﻿alpha'
        UNHANDLED token encountered '0'
Processed: 1
1 texture(s) processed!

[textures\icons\siege c fire lance icon.tga]
Running Texture Compiler...
        UNHANDLED token encountered '﻿alpha'
        UNHANDLED token encountered '0'
Processed: 1
1 texture(s) processed!

[textures\icons\special c azure dragon icon.tga]
Running Texture Compiler...
        UNHANDLED token encountered '﻿alpha'
        UNHANDLED token encountered '0'
Processed: 1
1 texture(s) processed!

[textures\icons\special c earth dragon icon.tga]
Running Texture Compiler...
        UNHANDLED token encountered '﻿alpha'
        UNHANDLED token encountered '0'
Processed: 1
1 texture(s) processed!

[textures\icons\special c jiangshi icon.tga]
Running Texture Compiler...
        UNHANDLED token encountered '﻿alpha'
        UNHANDLED token encountered '0'
Processed: 1
1 texture(s) processed!

[textures\icons\special c monkey king icon.tga]
Running Texture Compiler...
        UNHANDLED token encountered '﻿alpha'
        UNHANDLED token encountered '0'
Processed: 1
1 texture(s) processed!

[textures\icons\special c pixiu icon.tga]
Running Texture Compiler...
        UNHANDLED token encountered '﻿alpha'
        UNHANDLED token encountered '0'
Processed: 1
1 texture(s) processed!

[textures\icons\special c qilin icon.tga]
Running Texture Compiler...
        UNHANDLED token encountered '﻿alpha'
        UNHANDLED token encountered '0'
Processed: 1
1 texture(s) processed!

[textures\icons\special c terracotta soldier icon.tga]
Running Texture Compiler...
        UNHANDLED token encountered '﻿alpha'
        UNHANDLED token encountered '0'
Processed: 1
1 texture(s) processed!

[textures\icons\special c vermilion bird icon.tga]
Running Texture Compiler...
        UNHANDLED token encountered '﻿alpha'
        UNHANDLED token encountered '0'
Processed: 1
1 texture(s) processed!

[textures\icons\special c war salamander icon.tga]
Running Texture Compiler...
        UNHANDLED token encountered '﻿alpha'
        UNHANDLED token encountered '0'
Processed: 1
1 texture(s) processed!

[textures\icons\special c white tiger icon.tga]
Running Texture Compiler...
        UNHANDLED token encountered '﻿alpha'
        UNHANDLED token encountered '0'
Processed: 1
1 texture(s) processed!

[textures\icons\trade c caravan icon.tga]
Running Texture Compiler...
        UNHANDLED token encountered '﻿alpha'
        UNHANDLED token encountered '0'
Processed: 1
1 texture(s) processed!

[textures\special c qilin.tga]
Running Texture Compiler...
        UNHANDLED token encountered '﻿alpha'
        UNHANDLED token encountered '1'
Processed: 1
1 texture(s) processed!

=== FALLBACK ===
Texture: textures\ui\ui map blue lagoon.tga
Original format: BC1
Fallback format: BC2
Original exit code: -1073741819
Running Texture Compiler...

Fallback exit code: 0
Running Texture Compiler...
Processed: 1
1 texture(s) processed!

[textures\world c jungle palm burnt.tga]
Running Texture Compiler...
        UNHANDLED token encountered '﻿alpha'
        UNHANDLED token encountered '1'
Processed: 1
1 texture(s) processed!

[textures\world c jungle palm.tga]
Running Texture Compiler...
        UNHANDLED token encountered '﻿alpha'
        UNHANDLED token encountered '1'
Processed: 1
1 texture(s) processed!

[textures\world c jungle tree burnt.tga]
Running Texture Compiler...
        UNHANDLED token encountered '﻿alpha'
        UNHANDLED token encountered '1'
Processed: 1
1 texture(s) processed!

[textures\world c jungle tree.tga]
Running Texture Compiler...
        UNHANDLED token encountered '﻿alpha'
        UNHANDLED token encountered '1'
Processed: 1
1 texture(s) processed!


Finished: 2026-09-24T18:22:13.8510269-04:00
Compiled: 7486
Excluded: 1
Failed: 0
Fallbacks: 1
Warnings: 66
DDTs present: 7486
Missing DDTs: 0
Unexpected DDTs: 0
